<html>
<body>
<pre>
<h1>礦ision Build Log</h1>
<h2>Tool Versions:</h2>
IDE-Version: μVision V5.14.0.0
Copyright (C) 2015 ARM Ltd and ARM Germany GmbH. All rights reserved.
License Information: guo yu, chuangxinshiyanshi, LIC=HF856-DPNG0-355TX-HWSM9-YUSXU-CL44Q
 
Tool Versions:
Toolchain:       MDK-ARM Professional  Version: 5.14.0.0
Toolchain Path:  E:\mdk5\ARM\ARMCC\Bin
C Compiler:      Armcc.exe V5.05 update 1 (build 106)
Assembler:       Armasm.exe V5.05 update 1 (build 106)
Linker/Locator:  ArmLink.exe V5.05 update 1 (build 106)
Library Manager: ArmAr.exe V5.05 update 1 (build 106)
Hex Converter:   FromElf.exe V5.05 update 1 (build 106)
CPU DLL:         SARMCM3.DLL V5.14.0.0
Dialog DLL:      DCM.DLL V1.13.1.0
Target DLL:      STLink\ST-LINKIII-KEIL_SWO.dll V2.0.14.0_KEIL
Dialog DLL:      TCM.DLL V1.14.4.0
 
<h2>Project:</h2>
C:\Users\Administrator\Desktop\四轴测试\Project\USER\STM32-DEMO.uvprojx
Project File Date:  05/01/2018

<h2>Output:</h2>
Build target 'Target 1'
compiling Param.c...
..\BSP\NRF24L01\NRF24L01.h(17): warning:  #47-D: incompatible redefinition of macro "CONFIG" (declared at line 11 of "..\BSP\HMC5883\HMC5883.h")
  #define CONFIG          0x00  //配置寄存器地址;bit0:1接收模式,0发射模式;bit1:电选择;bit2:CRC模式;bit3:CRC使能;
..\BSP\PARAM\Param.c(340): warning:  #177-D: variable "count_usart2" was declared but never referenced
  static u8 count_usart2=0;
..\BSP\PARAM\Param.c: 2 warnings, 0 errors
linking...
Program Size: Code=43192 RO-data=3592 RW-data=1460 ZI-data=5604  
FromELF: creating hex file...
"..\Output\STM32-DEMO.axf" - 0 Error(s), 2 Warning(s).

<h2>Collection of Component include folders:</h2>
  C:\Users\Administrator\Desktop\四轴测试\Project\USER\RTE
  E:\mdk5\Keil\STM32F1xx_DFP\1.0.5\Device\Include

<h2>Collection of Component Files used:</h2>
</pre>
</body>
</html>
